***Starting server on port 55821 ***
Loading net-file from 'network/grid.net.xml' ... done (17ms).
Loading additional-files from 'network/vtypes.add.xml' ... done (2ms).
Loading additional-files from 'network/buildings.poly.xml' ... done (0ms).
Loading additional-files from 'network/pois.add.xml' ... done (2ms).
Loading done.
Simulation started with time: 0.00
Warning: Vehicle 'dyn_veh_8' performs emergency braking with decel=-9.00 wished=6.00 severity=1.00, time=45.52.
Warning: Vehicle 'dyn_veh_8' performs emergency braking with decel=-9.00 wished=6.00 severity=1.00, time=46.00.
Warning: Vehicle 'dyn_veh_15' performs emergency braking with decel=-7.00 wished=2.50 severity=1.00, time=47.12.
Warning: Vehicle 'dyn_veh_15' performs emergency braking with decel=-7.00 wished=2.50 severity=1.00, time=47.76.
Warning: Vehicle 'dyn_veh_15' performs emergency braking with decel=-7.00 wished=2.50 severity=1.00, time=48.56.
Warning: Vehicle 'dyn_veh_15' performs emergency braking with decel=-7.00 wished=2.50 severity=1.00, time=48.72.
Warning: Vehicle 'dyn_veh_15' performs emergency braking with decel=-7.00 wished=2.50 severity=1.00, time=49.12.
Warning: Vehicle 'dyn_veh_15' performs emergency braking with decel=-7.00 wished=2.50 severity=1.00, time=49.36.
Warning: Vehicle 'dyn_veh_16' performs emergency braking with decel=-9.00 wished=3.50 severity=1.00, time=50.48.
Warning: Vehicle 'dyn_veh_16' performs emergency braking with decel=-9.00 wished=3.50 severity=1.00, time=50.88.
Warning: Vehicle 'dyn_veh_19' performs emergency braking with decel=-9.00 wished=3.50 severity=1.00, time=53.92.
Warning: Vehicle 'dyn_veh_19' performs emergency braking with decel=-9.00 wished=3.50 severity=1.00, time=54.24.
Warning: Vehicle 'dyn_veh_19' performs emergency braking with decel=-9.00 wished=3.50 severity=1.00, time=54.48.
Warning: Vehicle 'dyn_veh_19' performs emergency braking with decel=-9.00 wished=3.50 severity=1.00, time=54.72.
Warning: Vehicle 'dyn_veh_19' performs emergency braking with decel=-9.00 wished=3.50 severity=1.00, time=54.96.
Warning: Vehicle 'dyn_veh_19' performs emergency braking with decel=-9.00 wished=3.50 severity=1.00, time=55.20.
Warning: Vehicle 'dyn_veh_19' performs emergency braking with decel=-9.00 wished=3.50 severity=1.00, time=55.52.
Warning: Vehicle 'dyn_veh_19' performs emergency braking with decel=-9.00 wished=3.50 severity=1.00, time=55.76.
Warning: Vehicle 'dyn_veh_19' performs emergency braking with decel=-9.00 wished=3.50 severity=1.00, time=56.16.
Warning: Vehicle 'dyn_veh_19' performs emergency stop at the end of lane 'h1_0_1' because of a red traffic light (decel=-16.06, offset=0.46), time=56.16.
Warning: Vehicle 'dyn_veh_22' performs emergency braking with decel=-9.00 wished=3.50 severity=1.00, time=61.36.
Warning: Vehicle 'dyn_veh_22' performs emergency braking with decel=-9.00 wished=3.50 severity=1.00, time=61.68.
Warning: Vehicle 'dyn_veh_22' performs emergency braking with decel=-9.00 wished=3.50 severity=1.00, time=61.84.
Warning: Vehicle 'dyn_veh_22' performs emergency braking with decel=-9.00 wished=3.50 severity=1.00, time=62.00.
Warning: Vehicle 'dyn_veh_22' performs emergency braking with decel=-9.00 wished=3.50 severity=1.00, time=62.32.
Warning: Vehicle 'dyn_veh_22' performs emergency braking with decel=-9.00 wished=3.50 severity=1.00, time=62.48.
Warning: Vehicle 'dyn_veh_22' performs emergency braking with decel=-9.00 wished=3.50 severity=1.00, time=63.12.
Warning: Vehicle 'dyn_veh_22' performs emergency braking with decel=-9.00 wished=3.50 severity=1.00, time=63.28.
Warning: Vehicle 'dyn_veh_22' performs emergency braking with decel=-9.00 wished=3.50 severity=1.00, time=63.52.
Warning: Vehicle 'dyn_veh_22' performs emergency stop at the end of lane 'h2_2_rev_2' because of a red traffic light (decel=-12.12, offset=0.18), time=63.52.
Warning: Vehicle 'dyn_veh_15' performs emergency braking with decel=-7.00 wished=2.50 severity=1.00, time=67.52.
Warning: Vehicle 'dyn_veh_15' performs emergency braking with decel=-7.00 wished=2.50 severity=1.00, time=67.84.
Warning: Vehicle 'dyn_veh_15' performs emergency braking with decel=-7.00 wished=2.50 severity=1.00, time=68.16.
Warning: Vehicle 'dyn_veh_2' performs emergency braking with decel=-9.00 wished=3.50 severity=1.00, time=68.40.
Warning: Vehicle 'dyn_veh_15' performs emergency braking with decel=-7.00 wished=2.50 severity=1.00, time=69.12.
Warning: Vehicle 'veh_27' performs emergency braking with decel=-9.00 wished=3.50 severity=1.00, time=69.68.
Warning: Vehicle 'dyn_veh_10' performs emergency braking with decel=-7.00 wished=2.50 severity=1.00, time=69.68.
Warning: Vehicle 'veh_27' performs emergency braking with decel=-9.00 wished=3.50 severity=1.00, time=70.40.
Warning: Vehicle 'veh_15' performs emergency braking with decel=-9.00 wished=3.50 severity=1.00, time=74.16.
Warning: Vehicle 'dyn_veh_29' performs emergency braking with decel=-9.00 wished=3.50 severity=1.00, time=74.16.
Warning: Vehicle 'veh_15' performs emergency stop at the end of lane 'h2_2_rev_1' because of a red traffic light (decel=-14.10, offset=0.06), time=74.56.
Warning: Vehicle 'veh_27' performs emergency braking with decel=-9.00 wished=3.50 severity=1.00, time=93.04.
Warning: Vehicle 'dyn_veh_19' performs emergency braking with decel=-9.00 wished=3.50 severity=1.00, time=98.16.
Warning: Vehicle 'veh_45' performs emergency braking with decel=-9.00 wished=3.50 severity=1.00, time=107.52.
Warning: Vehicle 'veh_11' performs emergency braking with decel=-10.00 wished=4.50 severity=1.00, time=111.68.
Warning: Vehicle 'veh_31' performs emergency braking with decel=-9.00 wished=3.50 severity=1.00, time=113.84.
Warning: Vehicle 'dyn_veh_51' performs emergency braking with decel=-9.00 wished=3.50 severity=1.00, time=120.56.
Warning: Vehicle 'dyn_veh_32' performs emergency braking with decel=-9.00 wished=3.50 severity=1.00, time=126.08.
Warning: Vehicle 'dyn_veh_22' performs emergency braking with decel=-9.00 wished=3.50 severity=1.00, time=126.24.
Warning: Vehicle 'dyn_veh_10' performs emergency braking with decel=-7.00 wished=2.50 severity=1.00, time=126.56.
Warning: Vehicle 'dyn_veh_1' performs emergency braking with decel=-9.00 wished=3.50 severity=1.00, time=127.52.
Warning: Vehicle 'dyn_veh_56' performs emergency braking with decel=-9.00 wished=3.50 severity=1.00, time=127.52.
Warning: Vehicle 'dyn_veh_1' performs emergency braking with decel=-9.00 wished=3.50 severity=1.00, time=127.76.
Warning: Vehicle 'dyn_veh_56' performs emergency braking with decel=-9.00 wished=3.50 severity=1.00, time=127.76.
Warning: Vehicle 'dyn_veh_10' performs emergency braking with decel=-7.00 wished=2.50 severity=1.00, time=128.08.
Warning: Vehicle 'veh_27' performs emergency braking with decel=-9.00 wished=3.50 severity=1.00, time=128.08.
Warning: Vehicle 'dyn_veh_1' performs emergency braking with decel=-9.00 wished=3.50 severity=1.00, time=128.64.
Warning: Vehicle 'dyn_veh_1' performs emergency stop at the end of lane 'v0_2_1' because of a red traffic light (decel=-21.30, offset=0.64), time=128.64.
Warning: Vehicle 'dyn_veh_56' performs emergency braking with decel=-9.00 wished=3.50 severity=1.00, time=128.64.
Warning: Vehicle 'veh_22' performs emergency braking with decel=-10.00 wished=4.50 severity=1.00, time=128.72.
Warning: Vehicle 'dyn_veh_19' performs emergency braking with decel=-9.00 wished=3.50 severity=1.00, time=128.80.
Warning: Vehicle 'veh_22' performs emergency braking with decel=-10.00 wished=4.50 severity=1.00, time=128.88.
Warning: Vehicle 'dyn_veh_56' performs emergency braking with decel=-9.00 wished=3.50 severity=1.00, time=128.88.
Warning: Vehicle 'veh_22' performs emergency braking with decel=-10.00 wished=4.50 severity=1.00, time=129.04.
Warning: Vehicle 'veh_22' performs emergency stop at the end of lane 'h2_1_rev_2' because of a red traffic light (decel=-16.13, offset=0.27), time=129.04.
Warning: Vehicle 'dyn_veh_56' performs emergency braking with decel=-9.00 wished=3.50 severity=1.00, time=129.04.
Warning: Vehicle 'dyn_veh_19' performs emergency braking with decel=-9.00 wished=3.50 severity=1.00, time=129.60.
Warning: Vehicle 'veh_55' performs emergency braking with decel=-9.00 wished=3.50 severity=1.00, time=130.80.
Warning: Vehicle 'dyn_veh_19' performs emergency braking with decel=-9.00 wished=3.50 severity=1.00, time=131.36.
Warning: Vehicle 'veh_55' performs emergency braking with decel=-9.00 wished=3.50 severity=1.00, time=132.00.
Warning: Vehicle 'veh_2' performs emergency braking with decel=-9.00 wished=3.50 severity=1.00, time=132.24.
Warning: Vehicle 'veh_55' performs emergency braking with decel=-9.00 wished=3.50 severity=1.00, time=132.24.
Warning: Vehicle 'veh_2' performs emergency braking with decel=-9.00 wished=3.50 severity=1.00, time=132.80.
Warning: Vehicle 'veh_55' performs emergency braking with decel=-9.00 wished=3.50 severity=1.00, time=132.80.
Warning: Vehicle 'veh_55' performs emergency stop at the end of lane 'h2_0_2' because of a red traffic light (decel=-13.95, offset=0.18), time=132.88.
Warning: Vehicle 'veh_30' performs emergency braking with decel=-9.00 wished=3.50 severity=1.00, time=133.60.
Warning: Vehicle 'veh_2' performs emergency braking with decel=-9.00 wished=3.50 severity=1.00, time=133.60.
Warning: Vehicle 'veh_30' performs emergency braking with decel=-9.00 wished=3.50 severity=1.00, time=134.16.
Warning: Vehicle 'veh_2' performs emergency braking with decel=-9.00 wished=3.50 severity=1.00, time=134.16.
Warning: Vehicle 'veh_30' performs emergency braking with decel=-9.00 wished=3.50 severity=1.00, time=135.12.
Warning: Vehicle 'dyn_veh_45' performs emergency braking with decel=-9.00 wished=5.00 severity=1.00, time=137.04.
Warning: Vehicle 'dyn_veh_27' performs emergency braking with decel=-9.00 wished=3.50 severity=1.00, time=140.48.
Warning: Vehicle 'dyn_veh_27' performs emergency braking with decel=-9.00 wished=3.50 severity=1.00, time=141.52.
Warning: Vehicle 'dyn_veh_34' performs emergency braking with decel=-9.00 wished=3.50 severity=1.00, time=142.56.
Warning: Vehicle 'dyn_veh_34' performs emergency braking with decel=-9.00 wished=3.50 severity=1.00, time=142.88.
Warning: Vehicle 'dyn_veh_34' performs emergency braking with decel=-9.00 wished=3.50 severity=1.00, time=143.76.
Warning: Vehicle 'dyn_veh_34' performs emergency braking with decel=-9.00 wished=3.50 severity=1.00, time=144.56.
Warning: Vehicle 'dyn_veh_55' performs emergency braking with decel=-9.00 wished=3.50 severity=1.00, time=145.28.
Warning: Vehicle 'dyn_veh_55' performs emergency braking with decel=-9.00 wished=3.50 severity=1.00, time=145.44.
Warning: Vehicle 'dyn_veh_34' performs emergency braking with decel=-9.00 wished=3.50 severity=1.00, time=145.60.
Warning: Vehicle 'dyn_veh_34' performs emergency stop at the end of lane 'h2_0_1' because of a red traffic light (decel=-9.06, offset=0.00), time=145.60.
Warning: Vehicle 'veh_62' performs emergency braking with decel=-9.00 wished=3.50 severity=1.00, time=145.60.
Warning: Vehicle 'dyn_veh_55' performs emergency braking with decel=-9.00 wished=3.50 severity=1.00, time=145.68.
Warning: Vehicle 'veh_62' performs emergency braking with decel=-9.00 wished=3.50 severity=1.00, time=145.76.
Warning: Vehicle 'dyn_veh_43' performs emergency braking with decel=-9.00 wished=3.50 severity=1.00, time=147.28.
Warning: Vehicle 'dyn_veh_43' performs emergency stop at the end of lane 'v0_1_1' because of a red traffic light (decel=-15.93, offset=0.17), time=148.00.
Warning: Vehicle 'veh_22' performs emergency braking with decel=-10.00 wished=4.50 severity=1.00, time=148.80.
Warning: Vehicle 'veh_22' performs emergency braking with decel=-10.00 wished=4.50 severity=1.00, time=148.96.
Warning: Vehicle 'veh_22' performs emergency braking with decel=-10.00 wished=4.50 severity=1.00, time=149.36.
Warning: Vehicle 'veh_22' performs emergency braking with decel=-10.00 wished=4.50 severity=1.00, time=149.76.
Warning: Vehicle 'veh_22' performs emergency braking with decel=-10.00 wished=4.50 severity=1.00, time=150.24.
Warning: Vehicle 'veh_22' performs emergency stop at the end of lane 'v1_1_rev_2' because of a red traffic light (decel=-13.56, offset=0.28), time=150.24.
Warning: Vehicle 'dyn_veh_58' performs emergency braking with decel=-9.00 wished=3.50 severity=1.00, time=150.24.
Warning: Vehicle 'dyn_veh_58' performs emergency braking with decel=-9.00 wished=3.50 severity=1.00, time=150.48.
Warning: Vehicle 'dyn_veh_28' performs emergency braking with decel=-9.00 wished=3.50 severity=1.00, time=150.64.
Warning: Vehicle 'dyn_veh_58' performs emergency braking with decel=-9.00 wished=3.50 severity=1.00, time=150.72.
Warning: Vehicle 'dyn_veh_13' performs emergency braking with decel=-9.00 wished=3.50 severity=1.00, time=150.96.
Warning: Vehicle 'dyn_veh_13' performs emergency braking with decel=-9.00 wished=3.50 severity=1.00, time=152.16.
Warning: Vehicle 'dyn_veh_13' performs emergency braking with decel=-9.00 wished=3.50 severity=1.00, time=152.48.
Warning: Vehicle 'dyn_veh_13' performs emergency braking with decel=-9.00 wished=3.50 severity=1.00, time=152.80.
Warning: Vehicle 'dyn_veh_13' performs emergency braking with decel=-9.00 wished=3.50 severity=1.00, time=152.96.
Warning: Vehicle 'dyn_veh_13' performs emergency braking with decel=-9.00 wished=3.50 severity=1.00, time=153.20.
Warning: Vehicle 'dyn_veh_13' performs emergency braking with decel=-9.00 wished=3.50 severity=1.00, time=153.60.
Warning: Vehicle 'dyn_veh_68' performs emergency braking with decel=-9.00 wished=3.50 severity=1.00, time=153.68.
Warning: Vehicle 'dyn_veh_13' performs emergency braking with decel=-9.00 wished=3.50 severity=1.00, time=153.84.
Warning: Vehicle 'dyn_veh_68' performs emergency braking with decel=-9.00 wished=3.50 severity=1.00, time=153.84.
Warning: Vehicle 'dyn_veh_57' performs emergency braking with decel=-9.00 wished=3.50 severity=1.00, time=154.08.
Warning: Vehicle 'dyn_veh_68' performs emergency braking with decel=-9.00 wished=3.50 severity=1.00, time=154.64.
Warning: Vehicle 'dyn_veh_57' performs emergency braking with decel=-9.00 wished=3.50 severity=1.00, time=154.80.
Warning: Vehicle 'dyn_veh_68' performs emergency braking with decel=-9.00 wished=3.50 severity=1.00, time=154.88.
Warning: Vehicle 'dyn_veh_57' performs emergency braking with decel=-9.00 wished=3.50 severity=1.00, time=154.96.
Warning: Vehicle 'dyn_veh_57' performs emergency stop at the end of lane 'h1_0_2' because of a red traffic light (decel=-9.79, offset=0.04), time=154.96.
Warning: Vehicle 'dyn_veh_69' performs emergency braking with decel=-9.00 wished=3.50 severity=1.00, time=156.08.
Warning: Vehicle 'dyn_veh_69' performs emergency braking with decel=-9.00 wished=3.50 severity=1.00, time=157.84.
Warning: Vehicle 'veh_25' performs emergency braking with decel=-9.00 wished=3.50 severity=1.00, time=162.24.
Warning: Vehicle 'veh_25' performs emergency braking with decel=-9.00 wished=3.50 severity=1.00, time=162.56.
Warning: Vehicle 'veh_3' performs emergency braking with decel=-7.00 wished=2.50 severity=1.00, time=162.64.
Warning: Vehicle 'veh_25' performs emergency braking with decel=-9.00 wished=3.50 severity=1.00, time=162.72.
Warning: Vehicle 'veh_3' performs emergency braking with decel=-7.00 wished=2.50 severity=1.00, time=162.80.
Warning: Vehicle 'veh_25' performs emergency braking with decel=-9.00 wished=3.50 severity=1.00, time=162.88.
Warning: Vehicle 'veh_3' performs emergency braking with decel=-7.00 wished=2.50 severity=1.00, time=162.96.
Warning: Vehicle 'veh_25' performs emergency braking with decel=-9.00 wished=3.50 severity=1.00, time=163.04.
Warning: Vehicle 'veh_3' performs emergency braking with decel=-7.00 wished=2.50 severity=1.00, time=163.12.
Warning: Vehicle 'veh_25' performs emergency braking with decel=-9.00 wished=3.50 severity=1.00, time=163.20.
Warning: Vehicle 'veh_3' performs emergency braking with decel=-7.00 wished=2.50 severity=1.00, time=163.28.
Warning: Vehicle 'veh_25' performs emergency braking with decel=-9.00 wished=3.50 severity=1.00, time=163.36.
Warning: Vehicle 'veh_3' performs emergency braking with decel=-7.00 wished=2.50 severity=1.00, time=163.44.
Warning: Vehicle 'veh_25' performs emergency braking with decel=-9.00 wished=3.50 severity=1.00, time=163.52.
Warning: Vehicle 'veh_3' performs emergency braking with decel=-7.00 wished=2.50 severity=1.00, time=163.60.
Warning: Vehicle 'dyn_veh_34' performs emergency braking with decel=-9.00 wished=3.50 severity=1.00, time=163.68.
Warning: Vehicle 'veh_25' performs emergency braking with decel=-9.00 wished=3.50 severity=1.00, time=163.68.
Warning: Vehicle 'veh_3' performs emergency braking with decel=-7.00 wished=2.50 severity=1.00, time=163.76.
Warning: Vehicle 'dyn_veh_34' performs emergency braking with decel=-9.00 wished=3.50 severity=1.00, time=163.84.
Warning: Vehicle 'veh_25' performs emergency braking with decel=-9.00 wished=3.50 severity=1.00, time=163.84.
Warning: Vehicle 'veh_3' performs emergency braking with decel=-7.00 wished=2.50 severity=1.00, time=163.92.
Warning: Vehicle 'dyn_veh_34' performs emergency braking with decel=-9.00 wished=3.50 severity=1.00, time=164.08.
Warning: Vehicle 'veh_25' performs emergency braking with decel=-9.00 wished=3.50 severity=1.00, time=164.08.
Warning: Vehicle 'veh_59' performs emergency braking with decel=-7.00 wished=2.50 severity=1.00, time=164.24.
Warning: Vehicle 'dyn_veh_34' performs emergency braking with decel=-9.00 wished=3.50 severity=1.00, time=164.32.
Warning: Vehicle 'veh_25' performs emergency braking with decel=-9.00 wished=3.50 severity=1.00, time=164.32.
Warning: Vehicle 'veh_3' performs emergency braking with decel=-7.00 wished=2.50 severity=1.00, time=164.40.
Warning: Vehicle 'dyn_veh_34' performs emergency braking with decel=-9.00 wished=3.50 severity=1.00, time=164.48.
Warning: Vehicle 'veh_25' performs emergency braking with decel=-9.00 wished=3.50 severity=1.00, time=164.48.
Warning: Vehicle 'veh_3' performs emergency braking with decel=-7.00 wished=2.50 severity=1.00, time=164.56.
Warning: Vehicle 'dyn_veh_34' performs emergency braking with decel=-9.00 wished=3.50 severity=1.00, time=164.64.
Warning: Vehicle 'veh_25' performs emergency braking with decel=-9.00 wished=3.50 severity=1.00, time=164.64.
Warning: Vehicle 'veh_3' performs emergency braking with decel=-7.00 wished=2.50 severity=1.00, time=164.72.
Warning: Vehicle 'dyn_veh_34' performs emergency braking with decel=-9.00 wished=3.50 severity=1.00, time=164.80.
Warning: Vehicle 'veh_25' performs emergency braking with decel=-9.00 wished=3.50 severity=1.00, time=164.80.
Warning: Vehicle 'veh_25' performs emergency stop at the end of lane 'v0_1_2' because of a red traffic light (decel=-14.32, offset=0.07), time=164.80.
Warning: Vehicle 'veh_28' performs emergency braking with decel=-9.00 wished=3.50 severity=1.00, time=164.88.
Warning: Vehicle 'veh_52' performs emergency braking with decel=-9.00 wished=3.50 severity=1.00, time=165.04.
Warning: Vehicle 'veh_3' performs emergency braking with decel=-7.00 wished=2.50 severity=1.00, time=165.04.
Warning: Vehicle 'veh_3' performs emergency stop at the end of lane 'h1_1_rev_2' because of a red traffic light (decel=-8.53, offset=0.05), time=165.04.
Warning: Vehicle 'dyn_veh_34' performs emergency braking with decel=-9.00 wished=3.50 severity=1.00, time=165.12.
Warning: Vehicle 'veh_28' performs emergency braking with decel=-9.00 wished=3.50 severity=1.00, time=165.12.
Warning: Vehicle 'veh_52' performs emergency braking with decel=-9.00 wished=3.50 severity=1.00, time=165.20.
Warning: Vehicle 'dyn_veh_34' performs emergency braking with decel=-9.00 wished=3.50 severity=1.00, time=165.60.
Warning: Vehicle 'dyn_veh_34' performs emergency braking with decel=-9.00 wished=3.50 severity=1.00, time=166.08.
Warning: Vehicle 'dyn_veh_34' performs emergency braking with decel=-9.00 wished=3.50 severity=1.00, time=166.56.
Warning: Vehicle 'veh_75' performs emergency braking with decel=-9.00 wished=3.50 severity=1.00, time=169.44.
Warning: Vehicle 'veh_75' performs emergency braking with decel=-9.00 wished=3.50 severity=1.00, time=169.60.
Warning: Vehicle 'veh_85' performs emergency braking with decel=-9.00 wished=6.00 severity=1.00, time=169.84.
Warning: Vehicle 'veh_22' performs emergency braking with decel=-10.00 wished=4.50 severity=1.00, time=170.40.
Warning: Vehicle 'veh_95' performs emergency braking with decel=-9.00 wished=3.50 severity=1.00, time=170.40.
Warning: Vehicle 'veh_52' performs emergency braking with decel=-9.00 wished=3.50 severity=1.00, time=170.40.
Warning: Vehicle 'veh_52' performs emergency stop at the end of lane 'v2_1_rev_2' because of a red traffic light (decel=-9.34, offset=0.01), time=170.40.
Warning: Vehicle 'veh_75' performs emergency braking with decel=-9.00 wished=3.50 severity=1.00, time=170.64.
Warning: Vehicle 'veh_75' performs emergency braking with decel=-9.00 wished=3.50 severity=1.00, time=170.80.
Warning: Vehicle 'veh_75' performs emergency braking with decel=-9.00 wished=3.50 severity=1.00, time=170.96.
Warning: Vehicle 'veh_75' performs emergency braking with decel=-9.00 wished=3.50 severity=1.00, time=171.12.
Warning: Vehicle 'veh_75' performs emergency braking with decel=-9.00 wished=3.50 severity=1.00, time=171.28.
Warning: Vehicle 'veh_75' performs emergency braking with decel=-9.00 wished=3.50 severity=1.00, time=171.44.
Warning: Vehicle 'veh_75' performs emergency braking with decel=-9.00 wished=3.50 severity=1.00, time=171.60.
Warning: Vehicle 'veh_75' performs emergency braking with decel=-9.00 wished=3.50 severity=1.00, time=171.76.
Warning: Vehicle 'veh_75' performs emergency braking with decel=-9.00 wished=3.50 severity=1.00, time=171.92.
Warning: Vehicle 'veh_75' performs emergency braking with decel=-9.00 wished=3.50 severity=1.00, time=172.08.
Warning: Vehicle 'veh_75' performs emergency braking with decel=-9.00 wished=3.50 severity=1.00, time=172.24.
Warning: Vehicle 'veh_75' performs emergency braking with decel=-9.00 wished=3.50 severity=1.00, time=172.40.
Warning: Vehicle 'veh_43' performs emergency braking with decel=-7.00 wished=2.50 severity=1.00, time=172.48.
Warning: Vehicle 'veh_75' performs emergency braking with decel=-9.00 wished=3.50 severity=1.00, time=172.56.
Warning: Vehicle 'veh_43' performs emergency braking with decel=-7.00 wished=2.50 severity=1.00, time=172.72.
Warning: Vehicle 'veh_43' performs emergency braking with decel=-7.00 wished=2.50 severity=1.00, time=172.88.
Warning: Vehicle 'veh_43' performs emergency braking with decel=-7.00 wished=2.50 severity=1.00, time=173.04.
Warning: Vehicle 'veh_43' performs emergency braking with decel=-7.00 wished=2.50 severity=1.00, time=173.20.
Warning: Vehicle 'veh_43' performs emergency braking with decel=-7.00 wished=2.50 severity=1.00, time=173.36.
Warning: Vehicle 'veh_43' performs emergency braking with decel=-7.00 wished=2.50 severity=1.00, time=173.52.
Warning: Vehicle 'veh_43' performs emergency braking with decel=-7.00 wished=2.50 severity=1.00, time=173.68.
Warning: Vehicle 'veh_43' performs emergency braking with decel=-7.00 wished=2.50 severity=1.00, time=173.84.
Warning: Vehicle 'dyn_veh_6' performs emergency braking with decel=-9.00 wished=3.50 severity=1.00, time=174.32.
Warning: Vehicle 'veh_23' performs emergency braking with decel=-7.00 wished=2.50 severity=1.00, time=175.52.
Warning: Vehicle 'veh_23' performs emergency braking with decel=-7.00 wished=2.50 severity=1.00, time=175.92.
Warning: Vehicle 'veh_23' performs emergency braking with decel=-7.00 wished=2.50 severity=1.00, time=176.08.
Warning: Vehicle 'veh_75' performs emergency braking with decel=-9.00 wished=3.50 severity=1.00, time=176.16.
Warning: Vehicle 'veh_23' performs emergency braking with decel=-7.00 wished=2.50 severity=1.00, time=176.32.
Warning: Vehicle 'veh_23' performs emergency braking with decel=-7.00 wished=2.50 severity=1.00, time=176.56.
Warning: Vehicle 'veh_23' performs emergency braking with decel=-7.00 wished=2.50 severity=1.00, time=176.72.
Warning: Vehicle 'veh_23' performs emergency braking with decel=-7.00 wished=2.50 severity=1.00, time=176.96.
Warning: Vehicle 'veh_23' performs emergency stop at the end of lane 'v1_1_1' because of a red traffic light (decel=-13.80, offset=0.43), time=176.96.
Warning: Vehicle 'veh_36' performs emergency braking with decel=-9.00 wished=3.50 severity=1.00, time=177.84.
Warning: Vehicle 'dyn_veh_56' performs emergency braking with decel=-9.00 wished=3.50 severity=1.00, time=177.84.
Warning: Vehicle 'veh_36' performs emergency braking with decel=-9.00 wished=3.50 severity=1.00, time=178.08.
Warning: Vehicle 'dyn_veh_56' performs emergency braking with decel=-9.00 wished=3.50 severity=1.00, time=178.08.
Warning: Vehicle 'veh_36' performs emergency braking with decel=-9.00 wished=3.50 severity=1.00, time=178.40.
Warning: Vehicle 'dyn_veh_56' performs emergency braking with decel=-9.00 wished=3.50 severity=1.00, time=178.40.
Warning: Vehicle 'veh_36' performs emergency braking with decel=-9.00 wished=3.50 severity=1.00, time=178.56.
Warning: Vehicle 'dyn_veh_56' performs emergency braking with decel=-9.00 wished=3.50 severity=1.00, time=178.56.
Warning: Vehicle 'veh_36' performs emergency braking with decel=-9.00 wished=3.50 severity=1.00, time=178.80.
Warning: Vehicle 'dyn_veh_56' performs emergency braking with decel=-9.00 wished=3.50 severity=1.00, time=178.80.
Warning: Vehicle 'veh_36' performs emergency braking with decel=-9.00 wished=3.50 severity=1.00, time=178.96.
Warning: Vehicle 'dyn_veh_56' performs emergency braking with decel=-9.00 wished=3.50 severity=1.00, time=178.96.
Warning: Vehicle 'veh_36' performs emergency braking with decel=-9.00 wished=3.50 severity=1.00, time=179.12.
Warning: Vehicle 'dyn_veh_56' performs emergency braking with decel=-9.00 wished=3.50 severity=1.00, time=179.12.
Warning: Vehicle 'veh_36' performs emergency braking with decel=-9.00 wished=3.50 severity=1.00, time=179.36.
Warning: Vehicle 'dyn_veh_56' performs emergency braking with decel=-9.00 wished=3.50 severity=1.00, time=179.36.
Warning: Vehicle 'veh_36' performs emergency braking with decel=-9.00 wished=3.50 severity=1.00, time=179.52.
Warning: Vehicle 'dyn_veh_56' performs emergency braking with decel=-9.00 wished=3.50 severity=1.00, time=179.52.
Warning: Vehicle 'dyn_veh_56' performs emergency braking with decel=-9.00 wished=3.50 severity=1.00, time=179.84.
Warning: Vehicle 'veh_36' performs emergency braking with decel=-9.00 wished=3.50 severity=1.00, time=180.00.
Warning: Vehicle 'dyn_veh_56' performs emergency braking with decel=-9.00 wished=3.50 severity=1.00, time=180.00.
Warning: Vehicle 'veh_36' performs emergency braking with decel=-9.00 wished=3.50 severity=1.00, time=180.16.
Warning: Vehicle 'dyn_veh_56' performs emergency braking with decel=-9.00 wished=3.50 severity=1.00, time=180.16.
Warning: Vehicle 'veh_36' performs emergency braking with decel=-9.00 wished=3.50 severity=1.00, time=180.32.
Warning: Vehicle 'dyn_veh_56' performs emergency braking with decel=-9.00 wished=3.50 severity=1.00, time=180.32.
Warning: Vehicle 'veh_36' performs emergency braking with decel=-9.00 wished=3.50 severity=1.00, time=180.48.
Warning: Vehicle 'dyn_veh_56' performs emergency braking with decel=-9.00 wished=3.50 severity=1.00, time=180.48.
Warning: Vehicle 'veh_36' performs emergency braking with decel=-9.00 wished=3.50 severity=1.00, time=180.64.
Warning: Vehicle 'veh_36' performs emergency braking with decel=-9.00 wished=3.50 severity=1.00, time=180.80.
Warning: Vehicle 'dyn_veh_56' performs emergency braking with decel=-9.00 wished=3.50 severity=1.00, time=180.80.
Warning: Vehicle 'veh_36' performs emergency braking with decel=-9.00 wished=3.50 severity=1.00, time=180.96.
Warning: Vehicle 'dyn_veh_56' performs emergency braking with decel=-9.00 wished=3.50 severity=1.00, time=180.96.
Warning: Vehicle 'veh_45' performs emergency braking with decel=-9.00 wished=3.50 severity=1.00, time=181.12.
Warning: Vehicle 'veh_36' performs emergency braking with decel=-9.00 wished=3.50 severity=1.00, time=181.20.
Warning: Vehicle 'veh_45' performs emergency braking with decel=-9.00 wished=3.50 severity=1.00, time=181.28.
Warning: Vehicle 'veh_36' performs emergency braking with decel=-9.00 wished=3.50 severity=1.00, time=181.36.
Warning: Vehicle 'veh_45' performs emergency braking with decel=-9.00 wished=3.50 severity=1.00, time=181.44.
Warning: Vehicle 'veh_36' performs emergency braking with decel=-9.00 wished=3.50 severity=1.00, time=181.52.
Warning: Vehicle 'veh_45' performs emergency braking with decel=-9.00 wished=3.50 severity=1.00, time=181.68.
Warning: Vehicle 'dyn_veh_74' performs emergency braking with decel=-10.00 wished=4.50 severity=1.00, time=187.28.
Warning: Vehicle 'dyn_veh_74' performs emergency braking with decel=-10.00 wished=4.50 severity=1.00, time=187.44.
Warning: Vehicle 'dyn_veh_74' performs emergency braking with decel=-10.00 wished=4.50 severity=1.00, time=187.68.
Warning: Vehicle 'dyn_veh_74' performs emergency braking with decel=-10.00 wished=4.50 severity=1.00, time=187.92.
Warning: Vehicle 'dyn_veh_74' performs emergency braking with decel=-10.00 wished=4.50 severity=1.00, time=188.08.
Warning: Vehicle 'dyn_veh_74' performs emergency braking with decel=-10.00 wished=4.50 severity=1.00, time=188.32.
Warning: Vehicle 'dyn_veh_74' performs emergency braking with decel=-10.00 wished=4.50 severity=1.00, time=188.48.
Warning: Vehicle 'dyn_veh_74' performs emergency braking with decel=-10.00 wished=4.50 severity=1.00, time=188.64.
Warning: Vehicle 'dyn_veh_74' performs emergency braking with decel=-10.00 wished=4.50 severity=1.00, time=188.80.
Warning: Vehicle 'dyn_veh_74' performs emergency braking with decel=-10.00 wished=4.50 severity=1.00, time=188.96.
Warning: Vehicle 'dyn_veh_74' performs emergency braking with decel=-10.00 wished=4.50 severity=1.00, time=189.20.
Warning: Vehicle 'dyn_veh_90' performs emergency braking with decel=-9.00 wished=3.50 severity=1.00, time=194.48.
Warning: Vehicle 'dyn_veh_90' performs emergency braking with decel=-9.00 wished=3.50 severity=1.00, time=194.72.
Warning: Vehicle 'dyn_veh_90' performs emergency braking with decel=-9.00 wished=3.50 severity=1.00, time=195.04.
Warning: Vehicle 'dyn_veh_90' performs emergency braking with decel=-9.00 wished=3.50 severity=1.00, time=195.52.
Warning: Vehicle 'dyn_veh_90' performs emergency braking with decel=-9.00 wished=3.50 severity=1.00, time=195.92.
Warning: Vehicle 'dyn_veh_90' performs emergency braking with decel=-9.00 wished=3.50 severity=1.00, time=196.08.
Warning: Vehicle 'dyn_veh_90' performs emergency braking with decel=-9.00 wished=3.50 severity=1.00, time=196.32.
Warning: Vehicle 'dyn_veh_90' performs emergency braking with decel=-9.00 wished=3.50 severity=1.00, time=196.56.
Warning: Vehicle 'dyn_veh_90' performs emergency stop at the end of lane 'h1_0_2' because of a red traffic light (decel=-10.83, offset=0.09), time=196.64.
Warning: Vehicle 'veh_36' performs emergency braking with decel=-9.00 wished=3.50 severity=1.00, time=201.68.
Warning: Vehicle 'veh_36' performs emergency braking with decel=-9.00 wished=3.50 severity=1.00, time=202.00.
Warning: Vehicle 'veh_36' performs emergency braking with decel=-9.00 wished=3.50 severity=1.00, time=202.32.
Warning: Vehicle 'veh_36' performs emergency braking with decel=-9.00 wished=3.50 severity=1.00, time=202.56.
Warning: Vehicle 'veh_36' performs emergency braking with decel=-9.00 wished=3.50 severity=1.00, time=202.80.
Warning: Vehicle 'veh_36' performs emergency braking with decel=-9.00 wished=3.50 severity=1.00, time=203.04.
Warning: Vehicle 'veh_36' performs emergency braking with decel=-9.00 wished=3.50 severity=1.00, time=203.28.
Warning: Vehicle 'veh_36' performs emergency braking with decel=-9.00 wished=3.50 severity=1.00, time=203.44.
Warning: Vehicle 'dyn_veh_94' performs emergency braking with decel=-9.00 wished=3.50 severity=1.00, time=203.60.
Warning: Vehicle 'dyn_veh_94' performs emergency braking with decel=-9.00 wished=3.50 severity=1.00, time=203.84.
Warning: Vehicle 'veh_36' performs emergency braking with decel=-9.00 wished=3.50 severity=1.00, time=203.84.
Warning: Vehicle 'dyn_veh_94' performs emergency braking with decel=-9.00 wished=3.50 severity=1.00, time=204.08.
Warning: Vehicle 'veh_36' performs emergency braking with decel=-9.00 wished=3.50 severity=1.00, time=204.08.
Warning: Vehicle 'dyn_veh_94' performs emergency braking with decel=-9.00 wished=3.50 severity=1.00, time=204.32.
Warning: Vehicle 'veh_36' performs emergency braking with decel=-9.00 wished=3.50 severity=1.00, time=204.32.
Warning: Vehicle 'veh_36' performs emergency braking with decel=-9.00 wished=3.50 severity=1.00, time=204.80.
Warning: Vehicle 'dyn_veh_94' performs emergency braking with decel=-9.00 wished=3.50 severity=1.00, time=205.12.
Warning: Vehicle 'veh_36' performs emergency braking with decel=-9.00 wished=3.50 severity=1.00, time=205.12.